#
# There is insufficient memory for the Java Runtime Environment to continue.
# Native memory allocation (mmap) failed to map 264241152 bytes for G1 virtual space
# Possible reasons:
#   The system is out of physical RAM or swap space
#   The process is running with CompressedOops enabled, and the Java Heap may be blocking the growth of the native heap
# Possible solutions:
#   Reduce memory load on the system
#   Increase physical memory or swap space
#   Check if swap backing store is full
#   Decrease Java heap size (-Xmx/-Xms)
#   Decrease number of Java threads
#   Decrease Java thread stack sizes (-Xss)
#   Set larger code cache with -XX:ReservedCodeCacheSize=
#   JVM is running with Zero Based Compressed Oops mode in which the Java heap is
#     placed in the first 32GB address space. The Java Heap base address is the
#     maximum limit for the native heap growth. Please use -XX:HeapBaseMinAddress
#     to set the Java Heap base and to place the Java Heap above 32GB virtual address.
# This output file may be truncated or incomplete.
#
#  Out of Memory Error (os_windows.cpp:3603), pid=33904, tid=26252
#
# JRE version:  (21.0.8+12) (build )
# Java VM: Java HotSpot(TM) 64-Bit Server VM (21.0.8+12-LTS-250, mixed mode, sharing, tiered, compressed oops, compressed class ptrs, g1 gc, windows-amd64)
# No core dump will be written. Minidumps are not enabled by default on client versions of Windows
#

---------------  S U M M A R Y ------------

Command Line: 

Host: 13th Gen Intel(R) Core(TM) i3-1315U, 8 cores, 15G,  Windows 11 , 64 bit Build 26100 (10.0.26100.7705)
Time: Wed Feb 18 05:29:26 2026 Bangladesh Standard Time elapsed time: 2.029656 seconds (0d 0h 0m 2s)

---------------  T H R E A D  ---------------

Current thread (0x00000238cd69caa0):  JavaThread "Unknown thread" [_thread_in_vm, id=26252, stack(0x0000005b63200000,0x0000005b63300000) (1024K)]

Stack: [0x0000005b63200000,0x0000005b63300000]
Native frames: (J=compiled Java code, j=interpreted, Vv=VM code, C=native code)
V  [jvm.dll+0x6cc179]
V  [jvm.dll+0x8584c1]
V  [jvm.dll+0x85a9ee]
V  [jvm.dll+0x85b0c3]
V  [jvm.dll+0x27ebf6]
V  [jvm.dll+0x6c88f5]
V  [jvm.dll+0x6bd45a]
V  [jvm.dll+0x354b1a]
V  [jvm.dll+0x35c796]
V  [jvm.dll+0x3af85e]
V  [jvm.dll+0x3afb08]
V  [jvm.dll+0x328e2c]
V  [jvm.dll+0x32998b]
V  [jvm.dll+0x821879]
V  [jvm.dll+0x3bc541]
V  [jvm.dll+0x80aaf8]
V  [jvm.dll+0x45172e]
V  [jvm.dll+0x453321]
C  [jli.dll+0x52a3]
C  [ucrtbase.dll+0x37b0]
C  [KERNEL32.DLL+0x2e8d7]
C  [ntdll.dll+0x8c40c]


---------------  P R O C E S S  ---------------

Threads class SMR info:
_java_thread_list=0x00007fffdc3efc48, length=0, elements={
}

Java Threads: ( => current thread )
Total: 0

Other Threads:
  0x00000238cd9671c0 WorkerThread "GC Thread#0"                     [id=12824, stack(0x0000005b63300000,0x0000005b63400000) (1024K)]
  0x00000238cd978b20 ConcurrentGCThread "G1 Main Marker"            [id=34568, stack(0x0000005b63400000,0x0000005b63500000) (1024K)]
  0x00000238cd979e30 WorkerThread "G1 Conc#0"                       [id=26764, stack(0x0000005b63500000,0x0000005b63600000) (1024K)]

[error occurred during error reporting (printing all threads), id 0xc0000005, EXCEPTION_ACCESS_VIOLATION (0xc0000005) at pc=0x00007fffdbb5b5b7]
VM state: not at safepoint (not fully initialized)

VM Mutex/Monitor currently owned by a thread:  ([mutex/lock_event])
[0x00007fffdc460f50] Heap_lock - owner thread: 0x00000238cd69caa0

Heap address: 0x0000000705800000, size: 4008 MB, Compressed Oops mode: Zero based, Oop shift amount: 3

CDS archive(s) mapped at: [0x0000000000000000-0x0000000000000000-0x0000000000000000), size 0, SharedBaseAddress: 0x0000000800000000, ArchiveRelocationMode: 1.
Narrow klass base: 0x0000000000000000, Narrow klass shift: 0, Narrow klass range: 0x0

GC Precious Log:
 CardTable entry size: 512
 Card Set container configuration: InlinePtr #cards 4 size 8 Array Of Cards #cards 16 size 48 Howl #buckets 8 coarsen threshold 3686 Howl Bitmap #cards 512 size 80 coarsen threshold 460 Card regions per heap region 1 cards per card region 4096

Heap:
 garbage-first heap   total 0K, used 0K [0x0000000705800000, 0x0000000800000000)
  region size 2048K, 0 young (0K), 0 survivors (0K)

[error occurred during error reporting (printing heap information), id 0xc0000005, EXCEPTION_ACCESS_VIOLATION (0xc0000005) at pc=0x00007fffdbf451e9]
GC Heap History (0 events):
No events

Dll operation events (1 events):
Event: 0.010 Loaded shared library C:\Program Files\Java\jdk-21\bin\java.dll

Deoptimization events (0 events):
No events

Classes loaded (0 events):
No events

Classes unloaded (0 events):
No events

Classes redefined (0 events):
No events

Internal exceptions (0 events):
No events

ZGC Phase Switch (0 events):
No events

VM Operations (0 events):
No events

Events (0 events):
No events


Dynamic libraries:
0x00007ff6813d0000 - 0x00007ff6813e0000 	C:\Program Files\Java\jdk-21\bin\java.exe
0x00007ff89f8c0000 - 0x00007ff89fb28000 	C:\WINDOWS\SYSTEM32\ntdll.dll
0x00007ff89f000000 - 0x00007ff89f0c9000 	C:\WINDOWS\System32\KERNEL32.DLL
0x00007ff89d050000 - 0x00007ff89d441000 	C:\WINDOWS\System32\KERNELBASE.dll
0x00007ff89ca10000 - 0x00007ff89cb5b000 	C:\WINDOWS\System32\ucrtbase.dll
0x00007ff889020000 - 0x00007ff88903b000 	C:\Program Files\Java\jdk-21\bin\VCRUNTIME140.dll
0x00007ff889530000 - 0x00007ff889549000 	C:\Program Files\Java\jdk-21\bin\jli.dll
0x00007ff89e480000 - 0x00007ff89e534000 	C:\WINDOWS\System32\ADVAPI32.dll
0x00007ff89f600000 - 0x00007ff89f6a9000 	C:\WINDOWS\System32\msvcrt.dll
0x00007ff89df90000 - 0x00007ff89e036000 	C:\WINDOWS\System32\sechost.dll
0x00007ff89f410000 - 0x00007ff89f528000 	C:\WINDOWS\System32\RPCRT4.dll
0x00007ff89f6b0000 - 0x00007ff89f876000 	C:\WINDOWS\System32\USER32.dll
0x00007ff89cdf0000 - 0x00007ff89ce17000 	C:\WINDOWS\System32\win32u.dll
0x00007ff87f9b0000 - 0x00007ff87fc43000 	C:\WINDOWS\WinSxS\amd64_microsoft.windows.common-controls_6595b64144ccf1df_6.0.26100.7824_none_3e0870b2e3345462\COMCTL32.dll
0x00007ff89f0d0000 - 0x00007ff89f0fb000 	C:\WINDOWS\System32\GDI32.dll
0x00007ff89ccc0000 - 0x00007ff89cdeb000 	C:\WINDOWS\System32\gdi32full.dll
0x00007ff89cb60000 - 0x00007ff89cc03000 	C:\WINDOWS\System32\msvcp_win.dll
0x00007ff880e00000 - 0x00007ff880e0b000 	C:\WINDOWS\SYSTEM32\VERSION.dll
0x00007ff89f1f0000 - 0x00007ff89f221000 	C:\WINDOWS\System32\IMM32.DLL
0x00007ff88afc0000 - 0x00007ff88afcc000 	C:\Program Files\Java\jdk-21\bin\vcruntime140_1.dll
0x00007ff8362f0000 - 0x00007ff83637e000 	C:\Program Files\Java\jdk-21\bin\msvcp140.dll
0x00007fffdb820000 - 0x00007fffdc53d000 	C:\Program Files\Java\jdk-21\bin\server\jvm.dll
0x00007ff89d7b0000 - 0x00007ff89d824000 	C:\WINDOWS\System32\WS2_32.dll
0x00007ff89c000000 - 0x00007ff89c05e000 	C:\WINDOWS\SYSTEM32\POWRPROF.dll
0x00007ff892040000 - 0x00007ff892075000 	C:\WINDOWS\SYSTEM32\WINMM.dll
0x00007ff89bfe0000 - 0x00007ff89bff4000 	C:\WINDOWS\SYSTEM32\UMPDC.dll
0x00007ff89af00000 - 0x00007ff89af1b000 	C:\WINDOWS\SYSTEM32\kernel.appcore.dll
0x00007ff889010000 - 0x00007ff88901a000 	C:\Program Files\Java\jdk-21\bin\jimage.dll
0x00007ff89a110000 - 0x00007ff89a352000 	C:\WINDOWS\SYSTEM32\DBGHELP.DLL
0x00007ff89e040000 - 0x00007ff89e3c6000 	C:\WINDOWS\System32\combase.dll
0x00007ff89f100000 - 0x00007ff89f1d7000 	C:\WINDOWS\System32\OLEAUT32.dll
0x00007ff87fc50000 - 0x00007ff87fc8b000 	C:\WINDOWS\SYSTEM32\dbgcore.DLL
0x00007ff89cc10000 - 0x00007ff89ccb5000 	C:\WINDOWS\System32\bcryptPrimitives.dll
0x00007ff87b5d0000 - 0x00007ff87b5ef000 	C:\Program Files\Java\jdk-21\bin\java.dll

dbghelp: loaded successfully - version: 4.0.5 - missing functions: none
symbol engine: initialized successfully - sym options: 0x614 - pdb path: .;C:\Program Files\Java\jdk-21\bin;C:\WINDOWS\SYSTEM32;C:\WINDOWS\WinSxS\amd64_microsoft.windows.common-controls_6595b64144ccf1df_6.0.26100.7824_none_3e0870b2e3345462;C:\Program Files\Java\jdk-21\bin\server

VM Arguments:
java_command: <unknown>
java_class_path (initial): <not set>
Launcher Type: SUN_STANDARD

[Global flags]
     intx CICompilerCount                          = 4                                         {product} {ergonomic}
     uint ConcGCThreads                            = 2                                         {product} {ergonomic}
     uint G1ConcRefinementThreads                  = 8                                         {product} {ergonomic}
   size_t G1HeapRegionSize                         = 2097152                                   {product} {ergonomic}
    uintx GCDrainStackTargetSize                   = 64                                        {product} {ergonomic}
   size_t InitialHeapSize                          = 264241152                                 {product} {ergonomic}
   size_t MarkStackSize                            = 4194304                                   {product} {ergonomic}
   size_t MaxHeapSize                              = 4202692608                                {product} {ergonomic}
   size_t MinHeapDeltaBytes                        = 2097152                                   {product} {ergonomic}
   size_t MinHeapSize                              = 8388608                                   {product} {ergonomic}
    uintx NonNMethodCodeHeapSize                   = 5839372                                {pd product} {ergonomic}
    uintx NonProfiledCodeHeapSize                  = 122909434                              {pd product} {ergonomic}
    uintx ProfiledCodeHeapSize                     = 122909434                              {pd product} {ergonomic}
    uintx ReservedCodeCacheSize                    = 251658240                              {pd product} {ergonomic}
     bool SegmentedCodeCache                       = true                                      {product} {ergonomic}
   size_t SoftMaxHeapSize                          = 4202692608                             {manageable} {ergonomic}
     bool UseCompressedOops                        = true                           {product lp64_product} {ergonomic}
     bool UseG1GC                                  = true                                      {product} {ergonomic}
     bool UseLargePagesIndividualAllocation        = false                                  {pd product} {ergonomic}

Logging:
Log output configuration:
 #0: stdout all=warning uptime,level,tags foldmultilines=false
 #1: stderr all=off uptime,level,tags foldmultilines=false

Environment Variables:
PATH=C:\Program Files\Common Files\Oracle\Java\javapath;C:\Program Files (x86)\VMware\VMware Workstation\bin\;C:\WINDOWS\system32;C:\WINDOWS;C:\WINDOWS\System32\Wbem;C:\WINDOWS\System32\WindowsPowerShell\v1.0\;C:\WINDOWS\System32\OpenSSH\;C:\Program Files\PuTTY\;C:\Program Files\Java\jdk-21\bin;C:\Program Files\dotnet\;C:\Program Files\Git\cmd;C:\Program Files\nodejs\;;C:\Program Files\Docker\Docker\resources\bin;C:\Users\HP\.cargo\bin;C:\Users\HP\AppData\Local\Microsoft\WindowsApps;C:\Users\HP\AppData\Local\JetBrains\Toolbox\scripts;C:\Users\HP\AppData\Local\Programs\Microsoft VS Code\bin;C:\Users\HP\AppData\Local\Programs\Antigravity\bin;C:\Users\HP\AppData\Roaming\npm
USERNAME=HP
OS=Windows_NT
PROCESSOR_IDENTIFIER=Intel64 Family 6 Model 186 Stepping 3, GenuineIntel
TMP=C:\Users\HP\AppData\Local\Temp
TEMP=C:\Users\HP\AppData\Local\Temp




Periodic native trim disabled

---------------  S Y S T E M  ---------------

OS:
 Windows 11 , 64 bit Build 26100 (10.0.26100.7705)
OS uptime: 0 days 5:09 hours
Hyper-V role detected

CPU: total 8 (initial active 8) (4 cores per cpu, 2 threads per core) family 6 model 186 stepping 3 microcode 0x4123, cx8, cmov, fxsr, ht, mmx, 3dnowpref, sse, sse2, sse3, ssse3, sse4.1, sse4.2, popcnt, lzcnt, tsc, tscinvbit, avx, avx2, aes, erms, clmul, bmi1, bmi2, adx, sha, fma, vzeroupper, clflush, clflushopt, clwb, hv, serialize, rdtscp, rdpid, fsrm, f16c, cet_ibt, cet_ss
Processor Information for processor 0
  Max Mhz: 1200, Current Mhz: 1200, Mhz Limit: 1200
Processor Information for processor 1
  Max Mhz: 1200, Current Mhz: 1200, Mhz Limit: 1200
Processor Information for processor 2
  Max Mhz: 1200, Current Mhz: 1200, Mhz Limit: 1200
Processor Information for processor 3
  Max Mhz: 1200, Current Mhz: 1200, Mhz Limit: 1200
Processor Information for processor 4
  Max Mhz: 1200, Current Mhz: 900, Mhz Limit: 900
Processor Information for processor 5
  Max Mhz: 1200, Current Mhz: 900, Mhz Limit: 900
Processor Information for processor 6
  Max Mhz: 1200, Current Mhz: 900, Mhz Limit: 900
Processor Information for processor 7
  Max Mhz: 1200, Current Mhz: 900, Mhz Limit: 900

Memory: 4k page, system-wide physical 16027M (1054M free)
TotalPageFile size 33651M (AvailPageFile size 248M)
current process WorkingSet (physical memory assigned to process): 12M, peak: 12M
current process commit charge ("private bytes"): 60M, peak: 312M

vm_info: Java HotSpot(TM) 64-Bit Server VM (21.0.8+12-LTS-250) for windows-amd64 JRE (21.0.8+12-LTS-250), built on 2025-06-27T08:11:22Z by "mach5one" with MS VC++ 17.6 (VS2022)

END.
